\BOOKMARK [1][-]{section.1}{\376\377\133\236\232\214\166\356\166\204}{}% 1
\BOOKMARK [1][-]{section.2}{\376\377\200\314\146\157\116\313\176\315}{}% 2
\BOOKMARK [1][-]{section.3}{\376\377\133\236\232\214\145\271\154\325}{}% 3
\BOOKMARK [2][-]{subsection.3.1}{\376\377\145\160\143\156\147\145\156\220\116\016\150\067\147\054\173\133\220\011}{section.3}% 4
\BOOKMARK [2][-]{subsection.3.2}{\376\377\145\160\143\156\230\204\131\004\164\006}{section.3}% 5
\BOOKMARK [2][-]{subsection.3.3}{\376\377\145\160\143\156\122\006\122\162}{section.3}% 6
\BOOKMARK [2][-]{subsection.3.4}{\376\377\162\171\137\201\220\011\142\351}{section.3}% 7
\BOOKMARK [2][-]{subsection.3.5}{\376\377\152\041\127\213\213\255\176\303}{section.3}% 8
\BOOKMARK [1][-]{section.4}{\376\377\133\236\232\214\176\323\147\234}{}% 9
\BOOKMARK [2][-]{subsection.4.1}{\376\377\135\356\137\002\210\150\217\276\127\372\126\340\176\323\147\234}{section.4}% 10
\BOOKMARK [2][-]{subsection.4.2}{\376\377\150\067\147\054\122\006\136\003\166\204\000\040\000P\000C\000A\000\040\176\323\147\234}{section.4}% 11
\BOOKMARK [2][-]{subsection.4.3}{\376\377\121\263\173\126\150\021\176\323\147\204\116\016\221\315\211\201\123\330\221\317}{section.4}% 12
\BOOKMARK [1][-]{section.5}{\376\377\213\250\213\272}{}% 13
\BOOKMARK [2][-]{subsection.5.1}{\376\377\116\072\117\125\220\011\142\351\217\331\171\315\145\271\154\325}{section.5}% 14
\BOOKMARK [2][-]{subsection.5.2}{\376\377\152\041\127\213\213\304\116\367}{section.5}% 15
\BOOKMARK [2][-]{subsection.5.3}{\376\377\213\255\176\303\226\306\220\011\123\326\127\372\126\340\166\204\226\217\147\072\140\047\123\312\121\166\137\161\124\315}{section.5}% 16
\BOOKMARK [2][-]{subsection.5.4}{\376\377\133\236\232\214\166\204\116\015\215\263\116\016\123\357\145\071\217\333\145\271\124\021}{section.5}% 17
\BOOKMARK [1][-]{section.6}{\376\377\137\025\165\050}{}% 18
\BOOKMARK [2][-]{subsection.6.1}{\376\377\145\160\143\156\226\306\116\016\217\157\116\366}{section.6}% 19
\BOOKMARK [2][-]{subsection.6.2}{\376\377\000A\000I\000\040\117\177\165\050\213\364\146\016}{section.6}% 20
\BOOKMARK [2][-]{subsection.6.3}{\376\377\116\343\210\150\140\047\143\320\171\072\213\315}{section.6}% 21
\BOOKMARK [2][-]{subsection.6.4}{\376\377\226\104\377\032\000V\000i\000b\000e\000\040\000c\000o\000d\000i\000n\000g\117\177\165\050\141\037\123\327\123\315\140\035}{section.6}% 22
