\BOOKMARK [1][-]{section.1}{\376\377\133\236\232\214\166\356\166\204}{}% 1
\BOOKMARK [1][-]{section.2}{\376\377\200\314\146\157\116\313\176\315}{}% 2
\BOOKMARK [2][-]{subsection.2.1}{\376\377\000R\000N\000A\000-\000s\000e\000q}{section.2}% 3
\BOOKMARK [2][-]{subsection.2.2}{\376\377\000D\000E\000G}{section.2}% 4
\BOOKMARK [2][-]{subsection.2.3}{\376\377\000T\000C\000G\000A}{section.2}% 5
\BOOKMARK [1][-]{section.3}{\376\377\133\236\232\214\145\271\154\325}{}% 6
\BOOKMARK [2][-]{subsection.3.1}{\376\377\220\011\142\351\200\235\176\306\200\336\166\114\145\160\143\156\226\306\217\333\210\114\000D\000E\000G\122\006\147\220\176\303\116\140}{section.3}% 7
\BOOKMARK [2][-]{subsection.3.2}{\376\377\117\177\165\050\000B\000i\000o\000c\000o\000n\000d\000u\000c\000t\000o\000r\060\001\000t\000i\000d\000y\000v\000e\000r\000s\000e\217\157\116\366\123\005}{section.3}% 8
\BOOKMARK [2][-]{subsection.3.3}{\376\377\124\175\116\344\060\001\123\302\145\160\166\204\141\017\116\111}{section.3}% 9
\BOOKMARK [3][-]{subsubsection.3.3.1}{\376\377\133\211\210\305\217\157\116\366\123\005}{subsection.3.3}% 10
\BOOKMARK [3][-]{subsubsection.3.3.2}{\376\377\145\160\143\156\213\373\123\326\116\016\230\204\131\004\164\006}{subsection.3.3}% 11
\BOOKMARK [3][-]{subsubsection.3.3.3}{\376\377\122\066\117\134\000D\000E\000G\122\006\147\220\142\100\227\000\210\150\150\074}{subsection.3.3}% 12
\BOOKMARK [3][-]{subsubsection.3.3.4}{\376\377\145\160\143\156\230\204\131\004\164\006\116\016\135\356\137\002\122\006\147\220}{subsection.3.3}% 13
\BOOKMARK [3][-]{subsubsection.3.3.5}{\376\377\176\323\147\234\145\164\164\006}{subsection.3.3}% 14
\BOOKMARK [3][-]{subsubsection.3.3.6}{\376\377\176\323\147\234\123\357\211\306\123\026}{subsection.3.3}% 15
\BOOKMARK [1][-]{section.4}{\376\377\133\236\232\214\176\323\147\234}{}% 16
\BOOKMARK [2][-]{subsection.4.1}{\376\377\133\214\145\164\116\343\170\001}{section.4}% 17
\BOOKMARK [2][-]{subsection.4.2}{\376\377\133\211\210\305\142\100\227\000\123\005\136\166\217\175\121\145}{section.4}% 18
\BOOKMARK [2][-]{subsection.4.3}{\376\377\133\374\121\145\145\160\143\156\116\345\123\312\145\160\143\156\217\154\143\142}{section.4}% 19
\BOOKMARK [2][-]{subsection.4.4}{\376\377\165\037\142\020\150\067\147\054\174\173\127\213\145\160\143\156\150\106}{section.4}% 20
\BOOKMARK [2][-]{subsection.4.5}{\376\377\147\204\136\372\000\040\000D\000E\000S\000e\000q\000D\000a\000t\000a\000S\000e\000t\377\014\230\204\217\307\156\344\116\345\123\312\135\356\137\002\122\006\147\220}{section.4}% 21
\BOOKMARK [2][-]{subsection.4.6}{\376\377\123\357\211\306\123\026\131\004\164\006}{section.4}% 22
\BOOKMARK [3][-]{subsubsection.4.6.1}{\376\377\000I\000D\000\040\217\154\143\142}{subsection.4.6}% 23
\BOOKMARK [3][-]{subsubsection.4.6.2}{\376\377\176\330\126\376\123\302\145\160\133\232\116\111}{subsection.4.6}% 24
\BOOKMARK [3][-]{subsubsection.4.6.3}{\376\377\147\000\176\310\176\330\126\376}{subsection.4.6}% 25
\BOOKMARK [2][-]{subsection.4.7}{\376\377\131\026\220\350\145\160\143\156\226\306\232\214\213\301}{section.4}% 26
\BOOKMARK [3][-]{subsubsection.4.7.1}{\376\377\146\076\204\127\116\012\214\003\127\372\126\340\377\032\000G\000A\000B\000R\000D}{subsection.4.7}% 27
\BOOKMARK [3][-]{subsubsection.4.7.2}{\376\377\146\076\204\127\116\013\214\003\127\372\126\340\377\032\000A\000D\000A\000M\000T\000S\0001\0003}{subsection.4.7}% 28
\BOOKMARK [2][-]{subsection.4.8}{\376\377\142\323\134\125\214\003\170\024}{section.4}% 29
\BOOKMARK [1][-]{section.5}{\376\377\213\250\213\272}{}% 30
\BOOKMARK [2][-]{subsection.5.1}{\376\377\121\372\163\260\166\204\000b\000u\000g\116\345\123\312\211\343\121\263}{section.5}% 31
\BOOKMARK [2][-]{subsection.5.2}{\376\377\000l\000i\000m\000m\000a\122\006\147\220\116\016\000D\000E\000G\122\006\147\220}{section.5}% 32
\BOOKMARK [2][-]{subsection.5.3}{\376\377\127\372\126\340\135\356\137\002\210\150\217\276\116\016\165\037\133\130\230\204\124\016}{section.5}% 33
\BOOKMARK [2][-]{subsection.5.4}{\376\377\217\333\116\000\153\145\170\024\172\166\145\271\124\021}{section.5}% 34
\BOOKMARK [1][-]{section.6}{\376\377\210\145\121\105\117\341\140\157}{}% 35
\BOOKMARK [2][-]{subsection.6.1}{\376\377\000A\000I\117\177\165\050\213\364\146\016}{section.6}% 36
\BOOKMARK [2][-]{subsection.6.2}{\376\377\116\016\134\017\176\304\124\014\133\146\213\250\213\272}{section.6}% 37
