\BOOKMARK [1][-]{section.1}{\376\377\133\236\232\214\166\356\166\204}{}% 1
\BOOKMARK [1][-]{section.2}{\376\377\200\314\146\157\116\313\176\315}{}% 2
\BOOKMARK [1][-]{section.3}{\376\377\133\236\232\214\147\120\145\231\116\016\145\271\154\325}{}% 3
\BOOKMARK [2][-]{subsection.3.1}{\376\377\133\236\232\214\147\120\145\231}{section.3}% 4
\BOOKMARK [2][-]{subsection.3.2}{\376\377\140\073\117\123\122\006\147\220\155\101\172\013}{section.3}% 5
\BOOKMARK [1][-]{section.4}{\376\377\220\020\230\171\133\236\232\214\176\323\147\234}{}% 6
\BOOKMARK [2][-]{subsection.4.1}{\376\377\122\033\136\372\213\376\172\013\166\356\137\125\136\166\232\214\213\301\137\123\122\115\117\115\177\156}{section.4}% 7
\BOOKMARK [2][-]{subsection.4.2}{\376\377\131\015\122\066\000\040\000A\000N\000N\000O\000V\000A\000R\000\040\123\213\177\051\123\005\136\166\165\050\000\040\000l\000s\000\040\232\214\213\301}{section.4}% 8
\BOOKMARK [2][-]{subsection.4.3}{\376\377\165\050\000\040\000b\000a\000s\000h\000\040\122\040\226\144\131\015\122\066\121\372\166\204\123\213\177\051\123\005\136\166\232\214\213\301}{section.4}% 9
\BOOKMARK [2][-]{subsection.4.4}{\376\377\217\320\210\114\136\166\211\343\221\312\000\040\000t\000a\000r\000\040\211\343\123\213\124\175\116\344}{section.4}% 10
\BOOKMARK [2][-]{subsection.4.5}{\376\377\165\050\000\040\000c\000a\000t\000\040\147\345\167\013\000\040\000A\000N\000N\000O\000V\000A\000R\000\040\000R\000E\000A\000D\000M\000E}{section.4}% 11
\BOOKMARK [2][-]{subsection.4.6}{\376\377\165\050\000\040\000l\000e\000s\000s\000\040\147\345\167\013\000\040\000F\000A\000S\000T\000A\000\040\136\166\144\034\175\042\000\040\000c\000h\000r\0002\0002}{section.4}% 12
\BOOKMARK [2][-]{subsection.4.7}{\376\377\173\133\220\011\000\040\000c\000h\000r\0002\0001\000\040\210\114\136\166\133\374\121\372\116\072\000\040\000h\000g\0003\0008\000\137\000c\000h\000r\0002\0001\000.\000t\000x\000t}{section.4}% 13
\BOOKMARK [2][-]{subsection.4.8}{\376\377\000B\000a\000s\000h\000\040\201\032\147\054\176\337\213\241\000\040\000c\000h\000r\0002\0001\000\040\136\217\122\027\145\160\221\317}{section.4}% 14
\BOOKMARK [2][-]{subsection.4.9}{\376\377\127\050\201\032\147\054\116\055\150\300\147\345\217\223\121\145\145\207\116\366\146\057\124\046\133\130\127\050}{section.4}% 15
\BOOKMARK [2][-]{subsection.4.10}{\376\377\137\252\163\257\153\324\217\203\142\100\147\011\136\070\147\323\202\162\117\123\000\040\000R\000N\000A\000\040\136\217\122\027\145\160\221\317\116\016\000\040\000R\000\040\123\357\211\306\123\026\176\323\147\234}{section.4}% 16
\BOOKMARK [1][-]{section.5}{\376\377\213\250\213\272}{}% 17
\BOOKMARK [2][-]{subsection.5.1}{\376\377\000L\000i\000n\000u\000x\000\040\127\050\165\037\162\151\117\341\140\157\133\146\116\373\122\241\116\055\166\204\117\030\122\277}{section.5}% 18
\BOOKMARK [2][-]{subsection.5.2}{\376\377\116\015\124\014\147\323\202\162\117\123\000\040\000R\000N\000A\000\040\133\306\136\246\116\016\147\323\202\162\117\123\122\237\200\375\166\204\121\163\174\373}{section.5}% 19
\BOOKMARK [2][-]{subsection.5.3}{\376\377\000R\000N\000A\000\040\133\306\136\246\137\161\124\315\126\340\175\040\120\107\213\276\166\204\232\214\213\301\145\271\137\017}{section.5}% 20
\BOOKMARK [1][-]{section.6}{\376\377\176\323\213\272}{}% 21
\BOOKMARK [1][-]{section.7}{\376\377\137\025\165\050\116\016\000\040\000A\000I\000\040\117\177\165\050\213\364\146\016}{}% 22
\BOOKMARK [2][-]{subsection.7.1}{\376\377\145\160\143\156\226\306\116\016\217\157\116\366}{section.7}% 23
\BOOKMARK [2][-]{subsection.7.2}{\376\377\000A\000I\000\040\117\177\165\050\213\364\146\016}{section.7}% 24
\BOOKMARK [2][-]{subsection.7.3}{\376\377\116\343\210\150\140\047\143\320\171\072\213\315}{section.7}% 25
