\BOOKMARK [1][-]{Doc-Start}{\376\377\117\177\165\050\213\364\146\016}{}% 1
\BOOKMARK [1][-]{section.1}{\376\377\150\021\060\001\116\214\123\311\150\021\060\001\000B\000S\000T\000\040\116\016\130\006}{}% 2
\BOOKMARK [2][-]{subsection.1.1}{\376\377\0002\0002\000:\000\040\150\071\143\156\116\214\123\311\150\021\122\115\116\055\136\217\136\217\122\027\136\372\150\021}{section.1}% 3
\BOOKMARK [2][-]{subsection.1.2}{\376\377\0002\0003\000:\000\040\142\354\123\367\135\114\131\127\116\214\123\311\150\021}{section.1}% 4
\BOOKMARK [2][-]{subsection.1.3}{\376\377\0002\0004\000:\000\040\116\214\123\311\150\021}{section.1}% 5
\BOOKMARK [2][-]{subsection.1.4}{\376\377\0002\0005\000:\000\040\116\214\123\311\144\034\175\042\150\021\166\204\134\102\153\041\220\115\123\206}{section.1}% 6
\BOOKMARK [2][-]{subsection.1.5}{\376\377\0002\0006\000:\000\040\133\236\163\260\130\006\176\323\147\204}{section.1}% 7
\BOOKMARK [2][-]{subsection.1.6}{\376\377\0002\0007\000:\000\040\150\021\166\204\217\154\143\142}{section.1}% 8
\BOOKMARK [2][-]{subsection.1.7}{\376\377\0002\0008\000:\000\040\000H\000u\000f\000f\000m\000a\000n\177\026\170\001\150\021}{section.1}% 9
\BOOKMARK [2][-]{subsection.1.8}{\376\377\0004\0009\000:\000\040\116\214\123\311\150\021\166\204\155\361\136\246}{section.1}% 10
\BOOKMARK [2][-]{subsection.1.9}{\376\377\0005\0000\000:\000\040\142\151\134\125\116\214\123\311\150\021}{section.1}% 11
\BOOKMARK [2][-]{subsection.1.10}{\376\377\0005\0003\000:\000\040\150\071\143\156\116\214\123\311\150\021\116\055\124\016\136\217\136\217\122\027\136\372\150\021}{section.1}% 12
\BOOKMARK [2][-]{subsection.1.11}{\376\377\0005\0004\000:\000\040\232\214\213\301\116\214\123\311\144\034\175\042\150\021}{section.1}% 13
\BOOKMARK [1][-]{section.2}{\376\377\126\376\060\001\000B\000F\000S\060\001\147\000\167\355\215\357\060\001\165\037\142\020\150\021\116\016\142\323\142\121}{}% 14
\BOOKMARK [2][-]{subsection.2.1}{\376\377\0001\000:\000\040\123\125\213\315\136\217\122\027}{section.2}% 15
\BOOKMARK [2][-]{subsection.2.2}{\376\377\0002\000:\000\040\116\331\134\233\154\102\203\157}{section.2}% 16
\BOOKMARK [2][-]{subsection.2.3}{\376\377\0003\000:\000\040\123\330\143\142\166\204\217\367\133\253}{section.2}% 17
\BOOKMARK [2][-]{subsection.2.4}{\376\377\0001\000:\000\040\142\323\142\121\143\222\136\217}{section.2}% 18
\BOOKMARK [2][-]{subsection.2.5}{\376\377\0002\000:\000\040\116\033\147\227\116\055\166\204\215\357}{section.2}% 19
\BOOKMARK [2][-]{subsection.2.6}{\376\377\0003\000:\000\040\000A\000\040\000W\000a\000l\000k\000\040\000T\000h\000r\000o\000u\000g\000h\000\040\000t\000h\000e\000\040\000F\000o\000r\000e\000s\000t}{section.2}% 20
\BOOKMARK [2][-]{subsection.2.7}{\376\377\0004\000:\000\040\142\123\140\052\145\121\121\154\116\073}{section.2}% 21
\BOOKMARK [2][-]{subsection.2.8}{\376\377\0005\000:\000\040\121\124\133\120\116\016\152\061\202\261}{section.2}% 22
\BOOKMARK [2][-]{subsection.2.9}{\376\377\0005\0006\000:\000\040\142\357\145\121\210\114\122\250}{section.2}% 23
\BOOKMARK [2][-]{subsection.2.10}{\376\377\0005\0007\000:\000\040\217\336\143\245\142\100\147\011\160\271\166\204\147\000\134\017\215\071\165\050}{section.2}% 24
\BOOKMARK [1][-]{section.3}{\376\377\121\150\134\100\217\223\121\145\116\016\214\003\213\325\156\005\123\125}{}% 25
\BOOKMARK [1][-]{section.4}{\376\377\200\003\122\115\152\041\147\177\175\042\137\025}{}% 26
