\BOOKMARK [1][-]{Doc-Start}{\376\377\117\177\165\050\213\364\146\016}{}% 1
\BOOKMARK [1][-]{section.1}{\376\377\117\134\116\032\117\123\163\260\166\204\167\345\213\306\160\271\116\016\116\052\116\272\205\204\137\061\160\271}{}% 2
\BOOKMARK [2][-]{subsection.1.1}{\376\377\140\073\117\123\167\345\213\306\127\060\126\376}{section.1}% 3
\BOOKMARK [2][-]{subsection.1.2}{\376\377\147\000\146\016\146\076\166\204\116\052\116\272\205\204\137\061\160\271}{section.1}% 4
\BOOKMARK [3][-]{subsubsection.1.2.1}{\376\377\205\204\137\061\160\271\116\000\377\032\152\041\147\177\200\375\213\373\141\302\377\014\117\106\230\230\166\356\116\000\123\330\134\061\116\015\167\345\220\123\162\266\140\001\213\345\140\016\116\110\145\071}{subsection.1.2}% 5
\BOOKMARK [3][-]{subsubsection.1.2.2}{\376\377\205\204\137\061\160\271\116\214\377\032\133\271\146\023\142\212\040\034\147\000\167\355\215\357\060\001\215\357\176\277\145\160\060\001\147\000\134\017\165\037\142\020\150\021\040\035\155\367\127\050\116\000\215\167}{subsection.1.2}% 6
\BOOKMARK [3][-]{subsubsection.1.2.3}{\376\377\205\204\137\061\160\271\116\011\377\032\150\021\230\230\133\271\146\023\217\307\136\246\136\372\152\041}{subsection.1.2}% 7
\BOOKMARK [3][-]{subsubsection.1.2.4}{\376\377\205\204\137\061\160\271\126\333\377\032\217\223\121\145\217\223\121\372\123\343\137\204\133\271\146\023\210\253\137\375\165\145}{subsection.1.2}% 8
\BOOKMARK [1][-]{section.2}{\376\377\116\316\000\040\000m\000d\000\040\152\041\147\177\122\060\133\236\117\213\116\343\170\001\166\204\217\301\171\373\145\271\154\325}{}% 9
\BOOKMARK [2][-]{subsection.2.1}{\376\377\000B\000F\000S\000\040\152\041\147\177\217\301\171\373\377\032\121\110\225\356\126\333\116\052\225\356\230\230}{section.2}% 10
\BOOKMARK [3][-]{subsubsection.2.1.1}{\376\377\146\156\220\032\000\040\000B\000F\000S}{subsection.2.1}% 11
\BOOKMARK [3][-]{subsubsection.2.1.2}{\376\377\162\266\140\001\000\040\000B\000F\000S}{subsection.2.1}% 12
\BOOKMARK [3][-]{subsubsection.2.1.3}{\376\377\147\000\117\030\120\074\000\040\000B\000F\000S}{subsection.2.1}% 13
\BOOKMARK [3][-]{subsubsection.2.1.4}{\376\377\000D\000i\000j\000k\000s\000t\000r\000a\377\032\137\123\000\040\000B\000F\000S\000\040\116\015\121\215\142\020\172\313}{subsection.2.1}% 14
\BOOKMARK [2][-]{subsection.2.2}{\376\377\000D\000i\000j\000k\000s\000t\000r\000a\000\040\152\041\147\177\217\301\171\373\377\032\116\015\123\352\146\057\040\034\116\316\215\167\160\271\122\060\176\310\160\271\040\035}{section.2}% 15
\BOOKMARK [3][-]{subsubsection.2.2.1}{\376\377\177\121\150\074\000\040\000D\000i\000j\000k\000s\000t\000r\000a}{subsection.2.2}% 16
\BOOKMARK [3][-]{subsubsection.2.2.2}{\376\377\123\315\124\021\000\040\000D\000i\000j\000k\000s\000t\000r\000a\000\040\000+\000\040\000D\000P}{subsection.2.2}% 17
\BOOKMARK [2][-]{subsection.2.3}{\376\377\000F\000l\000o\000y\000d\000\040\152\041\147\177\217\301\171\373\377\032\215\335\171\273\167\351\226\065\116\113\131\026\217\330\211\201\215\357\137\204\167\351\226\065}{section.2}% 18
\BOOKMARK [2][-]{subsection.2.4}{\376\377\000M\000S\000T\000\040\152\041\147\177\217\301\171\373\377\032\000P\000r\000i\000m\000\040\124\214\000\040\000K\000r\000u\000s\000k\000a\000l\000\040\166\204\220\011\142\351}{section.2}% 19
\BOOKMARK [2][-]{subsection.2.5}{\376\377\150\021\152\041\147\177\217\301\171\373\377\032\217\223\121\145\137\142\137\017\121\263\133\232\220\022\137\122\145\271\137\017}{section.2}% 20
\BOOKMARK [1][-]{section.3}{\376\377\220\020\230\230\213\346\176\306\131\015\166\330\377\032\117\134\116\032\116\016\000\040\000m\000d\000\040\166\204\142\323\134\125\121\163\174\373}{}% 21
\BOOKMARK [2][-]{subsection.3.1}{\376\377\0002\0002\000\040\150\071\143\156\116\214\123\311\150\021\122\115\116\055\136\217\136\217\122\027\136\372\150\021}{section.3}% 22
\BOOKMARK [2][-]{subsection.3.2}{\376\377\0002\0003\000\040\142\354\123\367\135\114\131\127\116\214\123\311\150\021}{section.3}% 23
\BOOKMARK [2][-]{subsection.3.3}{\376\377\0002\0004\000\040\116\214\123\311\150\021}{section.3}% 24
\BOOKMARK [2][-]{subsection.3.4}{\376\377\0002\0005\000\040\116\214\123\311\144\034\175\042\150\021\166\204\134\102\153\041\220\115\123\206}{section.3}% 25
\BOOKMARK [2][-]{subsection.3.5}{\376\377\0002\0006\000\040\133\236\163\260\130\006\176\323\147\204}{section.3}% 26
\BOOKMARK [2][-]{subsection.3.6}{\376\377\0002\0007\000\040\150\021\166\204\217\154\143\142}{section.3}% 27
\BOOKMARK [2][-]{subsection.3.7}{\376\377\0002\0008\000\040\000H\000u\000f\000f\000m\000a\000n\000\040\177\026\170\001\150\021}{section.3}% 28
\BOOKMARK [2][-]{subsection.3.8}{\376\377\0004\0009\000\040\116\214\123\311\150\021\166\204\155\361\136\246}{section.3}% 29
\BOOKMARK [2][-]{subsection.3.9}{\376\377\0005\0000\000\040\142\151\134\125\116\214\123\311\150\021}{section.3}% 30
\BOOKMARK [2][-]{subsection.3.10}{\376\377\0005\0003\000\040\150\071\143\156\116\214\123\311\150\021\116\055\124\016\136\217\136\217\122\027\136\372\150\021}{section.3}% 31
\BOOKMARK [2][-]{subsection.3.11}{\376\377\0005\0004\000\040\232\214\213\301\116\214\123\311\144\034\175\042\150\021}{section.3}% 32
\BOOKMARK [2][-]{subsection.3.12}{\376\377\0001\000\040\123\125\213\315\136\217\122\027}{section.3}% 33
\BOOKMARK [2][-]{subsection.3.13}{\376\377\0002\000\040\116\331\134\233\154\102\203\157}{section.3}% 34
\BOOKMARK [2][-]{subsection.3.14}{\376\377\0003\000\040\123\330\143\142\166\204\217\367\133\253}{section.3}% 35
\BOOKMARK [2][-]{subsection.3.15}{\376\377\0001\000\040\142\323\142\121\143\222\136\217}{section.3}% 36
\BOOKMARK [2][-]{subsection.3.16}{\376\377\0002\000\040\116\033\147\227\116\055\166\204\215\357}{section.3}% 37
\BOOKMARK [2][-]{subsection.3.17}{\376\377\0003\000\040\000A\000\040\000W\000a\000l\000k\000\040\000T\000h\000r\000o\000u\000g\000h\000\040\000t\000h\000e\000\040\000F\000o\000r\000e\000s\000t}{section.3}% 38
\BOOKMARK [2][-]{subsection.3.18}{\376\377\0004\000\040\142\123\140\052\145\121\121\154\116\073}{section.3}% 39
\BOOKMARK [2][-]{subsection.3.19}{\376\377\0005\000\040\121\124\133\120\116\016\152\061\202\261}{section.3}% 40
\BOOKMARK [2][-]{subsection.3.20}{\376\377\0005\0006\000\040\142\357\145\121\210\114\122\250}{section.3}% 41
\BOOKMARK [2][-]{subsection.3.21}{\376\377\0005\0007\000\040\217\336\143\245\142\100\147\011\160\271\166\204\147\000\134\017\215\071\165\050}{section.3}% 42
\BOOKMARK [1][-]{section.4}{\376\377\200\003\213\325\145\366\166\204\173\227\154\325\220\011\142\351\121\263\173\126\210\150}{}% 43
\BOOKMARK [1][-]{section.5}{\376\377\116\343\170\001\204\075\127\060\122\115\166\204\213\346\176\306\150\300\147\345\156\005\123\125}{}% 44
\BOOKMARK [1][-]{section.6}{\376\377\200\003\122\115\221\315\160\271\213\255\176\303\230\172\136\217}{}% 45
\BOOKMARK [2][-]{subsection.6.1}{\376\377\173\054\116\000\117\030\121\110\176\247\377\032\152\041\147\177\123\330\137\142\230\230}{section.6}% 46
\BOOKMARK [2][-]{subsection.6.2}{\376\377\173\054\116\214\117\030\121\110\176\247\377\032\150\021\217\223\121\145\211\343\147\220\230\230}{section.6}% 47
\BOOKMARK [2][-]{subsection.6.3}{\376\377\173\054\116\011\117\030\121\110\176\247\377\032\000M\000S\000T\000\040\116\016\130\006}{section.6}% 48
\BOOKMARK [1][-]{section.7}{\376\377\147\000\124\016\166\204\123\213\177\051\213\260\137\306}{}% 49
