\BOOKMARK [1][-]{Doc-Start}{\376\377\150\041\213\242\213\364\146\016}{}% 1
\BOOKMARK [1][-]{section.1}{\376\377\116\044\116\052\000\040\000m\000d\000\040\145\207\116\366\133\236\226\105\211\206\166\326\116\206\116\300\116\110}{}% 2
\BOOKMARK [2][-]{subsection.1.1}{\376\377\000t\000r\000e\000e\000.\000m\000d\000\040\166\204\167\037\133\236\121\205\133\271}{section.1}% 3
\BOOKMARK [2][-]{subsection.1.2}{\376\377\000g\000r\000a\000p\000h\000.\000m\000d\000\040\166\204\167\037\133\236\121\205\133\271}{section.1}% 4
\BOOKMARK [1][-]{section.2}{\376\377\140\073\117\123\205\204\137\061\160\271\377\032\143\011\133\236\226\105\116\343\170\001\137\122\176\263}{}% 5
\BOOKMARK [2][-]{subsection.2.1}{\376\377\205\204\137\061\160\271\116\000\377\032\152\041\147\177\124\214\230\230\166\356\217\223\121\145\116\113\225\364\166\204\217\154\143\142}{section.2}% 6
\BOOKMARK [2][-]{subsection.2.2}{\376\377\205\204\137\061\160\271\116\214\377\032\166\370\117\074\230\230\124\015\116\013\173\227\154\325\166\356\150\007\116\015\124\014}{section.2}% 7
\BOOKMARK [2][-]{subsection.2.3}{\376\377\205\204\137\061\160\271\116\011\377\032\142\113\121\231\176\323\147\204\124\214\136\223\121\375\145\160\166\204\133\371\136\224\121\163\174\373}{section.2}% 8
\BOOKMARK [1][-]{section.3}{\376\377\150\021\174\173\230\230\220\020\230\230\150\041\213\242\131\015\166\330}{}% 9
\BOOKMARK [2][-]{subsection.3.1}{\376\377\0002\0002\000\040\150\071\143\156\116\214\123\311\150\021\122\115\116\055\136\217\136\217\122\027\136\372\150\021}{section.3}% 10
\BOOKMARK [2][-]{subsection.3.2}{\376\377\0002\0003\000\040\142\354\123\367\135\114\131\127\116\214\123\311\150\021}{section.3}% 11
\BOOKMARK [2][-]{subsection.3.3}{\376\377\0002\0004\000\040\116\214\123\311\150\021}{section.3}% 12
\BOOKMARK [2][-]{subsection.3.4}{\376\377\0002\0005\000\040\116\214\123\311\144\034\175\042\150\021\166\204\134\102\153\041\220\115\123\206}{section.3}% 13
\BOOKMARK [2][-]{subsection.3.5}{\376\377\0002\0006\000\040\133\236\163\260\130\006\176\323\147\204}{section.3}% 14
\BOOKMARK [2][-]{subsection.3.6}{\376\377\0002\0007\000\040\150\021\166\204\217\154\143\142}{section.3}% 15
\BOOKMARK [2][-]{subsection.3.7}{\376\377\0002\0008\000\040\000H\000u\000f\000f\000m\000a\000n\000\040\177\026\170\001\150\021}{section.3}% 16
\BOOKMARK [2][-]{subsection.3.8}{\376\377\0004\0009\000\040\116\214\123\311\150\021\166\204\155\361\136\246}{section.3}% 17
\BOOKMARK [2][-]{subsection.3.9}{\376\377\0005\0000\000\040\142\151\134\125\116\214\123\311\150\021}{section.3}% 18
\BOOKMARK [2][-]{subsection.3.10}{\376\377\0005\0003\000\040\150\071\143\156\116\214\123\311\150\021\116\055\124\016\136\217\136\217\122\027\136\372\150\021}{section.3}% 19
\BOOKMARK [2][-]{subsection.3.11}{\376\377\0005\0004\000\040\232\214\213\301\116\214\123\311\144\034\175\042\150\021}{section.3}% 20
\BOOKMARK [1][-]{section.4}{\376\377\126\376\174\173\230\230\220\020\230\230\150\041\213\242\131\015\166\330}{}% 21
\BOOKMARK [2][-]{subsection.4.1}{\376\377\0001\000\040\123\125\213\315\136\217\122\027}{section.4}% 22
\BOOKMARK [2][-]{subsection.4.2}{\376\377\0002\000\040\116\331\134\233\154\102\203\157}{section.4}% 23
\BOOKMARK [2][-]{subsection.4.3}{\376\377\0003\000\040\123\330\143\142\166\204\217\367\133\253}{section.4}% 24
\BOOKMARK [2][-]{subsection.4.4}{\376\377\0001\000\040\142\323\142\121\143\222\136\217}{section.4}% 25
\BOOKMARK [2][-]{subsection.4.5}{\376\377\0002\000\040\116\033\147\227\116\055\166\204\215\357}{section.4}% 26
\BOOKMARK [2][-]{subsection.4.6}{\376\377\0003\000\040\000A\000\040\000W\000a\000l\000k\000\040\000T\000h\000r\000o\000u\000g\000h\000\040\000t\000h\000e\000\040\000F\000o\000r\000e\000s\000t}{section.4}% 27
\BOOKMARK [2][-]{subsection.4.7}{\376\377\0004\000\040\142\123\140\052\145\121\121\154\116\073}{section.4}% 28
\BOOKMARK [2][-]{subsection.4.8}{\376\377\0005\000\040\121\124\133\120\116\016\152\061\202\261}{section.4}% 29
\BOOKMARK [2][-]{subsection.4.9}{\376\377\0005\0006\000\040\142\357\145\121\210\114\122\250}{section.4}% 30
\BOOKMARK [2][-]{subsection.4.10}{\376\377\0005\0007\000\040\217\336\143\245\142\100\147\011\160\271\166\204\147\000\134\017\215\071\165\050}{section.4}% 31
\BOOKMARK [1][-]{section.5}{\376\377\152\052\124\021\133\371\153\324\377\032\000m\000d\000\040\152\041\147\177\131\202\117\125\210\253\117\140\133\236\226\105\145\071\122\250}{}% 32
\BOOKMARK [1][-]{section.6}{\376\377\000g\000r\000a\000p\000h\000.\000m\000d\000\040\116\055\147\011\121\167\117\123\116\343\170\001\166\204\173\227\154\325\156\005\123\125\116\016\230\230\166\356\146\040\134\004}{}% 33
\BOOKMARK [2][-]{subsection.6.1}{\376\377\000g\000r\000a\000p\000h\000.\000m\000d\000\040\116\055\133\236\226\105\176\331\121\372\116\343\170\001\166\204\173\227\154\325\000/\152\041\147\177}{section.6}% 34
\BOOKMARK [2][-]{subsection.6.2}{\376\377\117\134\116\032\230\230\166\356\116\016\000\040\000g\000r\000a\000p\000h\000.\000m\000d\000\040\116\343\170\001\173\227\154\325\116\113\225\364\166\204\146\040\134\004}{section.6}% 35
\BOOKMARK [1][-]{section.7}{\376\377\200\003\122\115\204\075\127\060\150\300\147\345\210\150}{}% 36
\BOOKMARK [1][-]{section.8}{\376\377\147\000\213\345\117\030\121\110\131\015\116\140\166\204\225\031\230\230\176\304\124\010}{}% 37
